Found plugin directory: ./plugins
Loading plugins from ./plugins
[EXAMPLE] Plugin initialization started
[EXAMPLE] Registering dispatch: adjust_split
[EXAMPLE] Registering dispatch: action
[EXAMPLE] Plugin initialization complete
Loaded plugin: example_plugin (v0.1.0) - Example plugin template - customize this description
  Registered 1 layout(s)
Loaded plugin: dual_scroller (v0.1.0) - Dual Scroller Layout - Two-row tiling with adjustable split
  Registered 1 layout(s)
[EXAMPLE] Plugin initialization started
[EXAMPLE] Registering dispatch: adjust_split
[EXAMPLE] Registering dispatch: action
[EXAMPLE] Plugin initialization complete
Loaded plugin: dwindle_plugin (v0.1.0) - Dwindle layout plugin - a simple tiling layout
  Registered 1 layout(s)
Successfully loaded 3 plugin(s)
[CORE] init_plugin_system: total_builtin=12, plugin_layouts=3, total=15
[CORE] Copied 12 built-in layouts
[CORE] Plugin 0 (example_plugin): copying 1 layouts
[CORE]   Layout 0: name='example', symbol='EX', arrange=0x7ff825bab28e
[CORE] Plugin 1 (dual_scroller): copying 1 layouts
[CORE]   Layout 0: name='dual_scroller', symbol='DS', arrange=0x7ff825ba57cd
[CORE] Plugin 2 (dwindle_plugin): copying 1 layouts
[CORE]   Layout 0: name='dwindle', symbol='DW', arrange=0x7ff825ba02be
[CORE] Final all_layouts setup complete: 15 total layouts
[CORE] get_layout_by_name: searching for 'scroller' (num_all_layouts=15)
[CORE]   Checking layout[0]: name='tile' vs 'scroller'
[CORE]   Checking layout[1]: name='scroller' vs 'scroller'
[CORE] FOUND layout 'scroller' at index 1, arrange=0x55706820a037
[CORE] get_layout_by_name: searching for 'scroller' (num_all_layouts=15)
[CORE]   Checking layout[0]: name='tile' vs 'scroller'
[CORE]   Checking layout[1]: name='scroller' vs 'scroller'
[CORE] FOUND layout 'scroller' at index 1, arrange=0x55706820a037
[CORE] get_layout_by_name: searching for 'scroller' (num_all_layouts=15)
[CORE]   Checking layout[0]: name='tile' vs 'scroller'
[CORE]   Checking layout[1]: name='scroller' vs 'scroller'
[CORE] FOUND layout 'scroller' at index 1, arrange=0x55706820a037
[CORE] get_layout_by_name: searching for 'scroller' (num_all_layouts=15)
[CORE]   Checking layout[0]: name='tile' vs 'scroller'
[CORE]   Checking layout[1]: name='scroller' vs 'scroller'
[CORE] FOUND layout 'scroller' at index 1, arrange=0x55706820a037
[CORE] get_layout_by_name: searching for 'scroller' (num_all_layouts=15)
[CORE]   Checking layout[0]: name='tile' vs 'scroller'
[CORE]   Checking layout[1]: name='scroller' vs 'scroller'
[CORE] FOUND layout 'scroller' at index 1, arrange=0x55706820a037
[CORE] get_layout_by_name: searching for 'scroller' (num_all_layouts=15)
[CORE]   Checking layout[0]: name='tile' vs 'scroller'
[CORE]   Checking layout[1]: name='scroller' vs 'scroller'
[CORE] FOUND layout 'scroller' at index 1, arrange=0x55706820a037
[CORE] get_layout_by_name: searching for 'scroller' (num_all_layouts=15)
[CORE]   Checking layout[0]: name='tile' vs 'scroller'
[CORE]   Checking layout[1]: name='scroller' vs 'scroller'
[CORE] FOUND layout 'scroller' at index 1, arrange=0x55706820a037
[CORE] get_layout_by_name: searching for 'scroller' (num_all_layouts=15)
[CORE]   Checking layout[0]: name='tile' vs 'scroller'
[CORE]   Checking layout[1]: name='scroller' vs 'scroller'
[CORE] FOUND layout 'scroller' at index 1, arrange=0x55706820a037
[CORE] get_layout_by_name: searching for 'scroller' (num_all_layouts=15)
[CORE]   Checking layout[0]: name='tile' vs 'scroller'
[CORE]   Checking layout[1]: name='scroller' vs 'scroller'
[CORE] FOUND layout 'scroller' at index 1, arrange=0x55706820a037
[ARRANGE] Calling layout arrange: layout_symbol=S, arrange=0x55706820a037, visible_tiling=0
[ARRANGE] Calling layout arrange: layout_symbol=S, arrange=0x55706820a037, visible_tiling=0
2026-02-15 12:16:55 - [swaybg-1.2.1/main.c:282] Found config * for output WL-1 ((null))
gnome-keyring-daemon: no process capabilities, insecure memory might get used
2026/02/15 12:16:55 [ERROR] - dbus: failed to acquire service name: File exists
'impl->enter_count > 0' failed at ../pipewire/spa/plugins/support/loop.c:592 loop_leave()
Error: Daemon is already running.
GNOME_KEYRING_CONTROL=/run/user/1001/keyring
[32m  INFO[0m: Launching config: "/home/christoph/.config/quickshell/shell.qml"
[32m  INFO[0m: Shell ID: "6b2bf2938f15bc52da5a7b91dfafa8cd" Path ID "6b2bf2938f15bc52da5a7b91dfafa8cd"
[32m  INFO[0m: Saving logs to "/run/user/1001/quickshell/by-id/4ao27czhat/log.qslog"
CRITICAL: [dbus_cb_name_lost:1401] Cannot acquire 'org.freedesktop.Notifications': Name is acquired by 'dunst' with PID '2460'.
The XKEYBOARD keymap compiler (xkbcomp) reports:
> Warning:          Unsupported maximum keycode 708, clipping.
>                   X11 cannot support keycodes above 255.
> Warning:          Virtual modifier Hyper multiply defined
>                   Using 0, ignoring 0
> Warning:          Virtual modifier ScrollLock multiply defined
>                   Using 0, ignoring 0
Errors from xkbcomp are not fatal to the X server
[DBG] applyrules: client=0x557072a26290 appid='xfce-polkit' title='' parent=(nil) client_is_float_type=0 initial_isfloating=0 mon=0x557072884e90 selmon=0x557072884e90
[DBG] applyrules: chosen_layout for tags first=1 -> name='scroller' id=1 flags=1 arrange=0x55706820a037
[DBG] mapnotify: client=0x557072a26290 before applyrules selmon=0x557072884e90 curtag=1 sel_layout='scroller' id=1 flags=1 arrange=0x55706820a037
[DBG] applyrules: client=0x557072a26290 appid='xfce-polkit' title='' parent=(nil) client_is_float_type=1 initial_isfloating=1 mon=0x557072884e90 selmon=0x557072884e90
[DBG] applyrules: chosen_layout for tags first=1 -> name='scroller' id=1 flags=1 arrange=0x55706820a037
[ARRANGE] Calling layout arrange: layout_symbol=S, arrange=0x55706820a037, visible_tiling=0
[ARRANGE] Calling layout arrange: layout_symbol=S, arrange=0x55706820a037, visible_tiling=0
[ARRANGE] Calling layout arrange: layout_symbol=S, arrange=0x55706820a037, visible_tiling=0
[ARRANGE] Calling layout arrange: layout_symbol=S, arrange=0x55706820a037, visible_tiling=0
[ARRANGE] Calling layout arrange: layout_symbol=S, arrange=0x55706820a037, visible_tiling=0
[DBG] mapnotify: client=0x557072a26290 after applyrules isfloating=1 mon=0x557072884e90 layout='scroller' id=1 flags=1 arrange=0x55706820a037
[32m  INFO[0m: Configuration Loaded
[33m  WARN[97m qt.qpa.services[0m: Failed to register with host portal QDBusError("org.freedesktop.portal.Error.Failed", "Could not register app ID: Connection already associated with an application ID")
[ARRANGE] Calling layout arrange: layout_symbol=S, arrange=0x55706820a037, visible_tiling=0
The XKEYBOARD keymap compiler (xkbcomp) reports:
> Warning:          Unsupported maximum keycode 708, clipping.
>                   X11 cannot support keycodes above 255.
> Warning:          Virtual modifier Hyper multiply defined
>                   Using 0, ignoring 0
> Warning:          Virtual modifier ScrollLock multiply defined
>                   Using 0, ignoring 0
Errors from xkbcomp are not fatal to the X server
[ARRANGE] Calling layout arrange: layout_symbol=S, arrange=0x55706820a037, visible_tiling=0
[ARRANGE] Calling layout arrange: layout_symbol=DW, arrange=0x7ff825ba02be, visible_tiling=0
[DBG] applyrules: client=0x557072a48390 appid='foot' title='broken' parent=(nil) client_is_float_type=0 initial_isfloating=0 mon=0x557072884e90 selmon=0x557072884e90
[DBG] applyrules: chosen_layout for tags first=1 -> name='dwindle' id=1200 flags=0 arrange=0x7ff825ba02be
[DBG] mapnotify: client=0x557072a48390 before applyrules selmon=0x557072884e90 curtag=1 sel_layout='dwindle' id=1200 flags=0 arrange=0x7ff825ba02be
[DBG] applyrules: client=0x557072a48390 appid='foot' title='foot' parent=(nil) client_is_float_type=0 initial_isfloating=0 mon=0x557072884e90 selmon=0x557072884e90
[DBG] applyrules: chosen_layout for tags first=1 -> name='dwindle' id=1200 flags=0 arrange=0x7ff825ba02be
[ARRANGE] Calling layout arrange: layout_symbol=DW, arrange=0x7ff825ba02be, visible_tiling=1
[ARRANGE] Calling layout arrange: layout_symbol=DW, arrange=0x7ff825ba02be, visible_tiling=1
[ARRANGE] Calling layout arrange: layout_symbol=DW, arrange=0x7ff825ba02be, visible_tiling=1
[DBG] mapnotify: client=0x557072a48390 after applyrules isfloating=0 mon=0x557072884e90 layout='dwindle' id=1200 flags=0 arrange=0x7ff825ba02be
[DBG] applyrules: client=0x557072a80f30 appid='foot' title='broken' parent=(nil) client_is_float_type=0 initial_isfloating=0 mon=0x557072884e90 selmon=0x557072884e90
[DBG] applyrules: chosen_layout for tags first=1 -> name='dwindle' id=1200 flags=0 arrange=0x7ff825ba02be
[DBG] mapnotify: client=0x557072a80f30 before applyrules selmon=0x557072884e90 curtag=1 sel_layout='dwindle' id=1200 flags=0 arrange=0x7ff825ba02be
[DBG] applyrules: client=0x557072a80f30 appid='foot' title='foot' parent=(nil) client_is_float_type=0 initial_isfloating=0 mon=0x557072884e90 selmon=0x557072884e90
[DBG] applyrules: chosen_layout for tags first=1 -> name='dwindle' id=1200 flags=0 arrange=0x7ff825ba02be
[ARRANGE] Calling layout arrange: layout_symbol=DW, arrange=0x7ff825ba02be, visible_tiling=2
[ARRANGE] Calling layout arrange: layout_symbol=DW, arrange=0x7ff825ba02be, visible_tiling=2
[ARRANGE] Calling layout arrange: layout_symbol=DW, arrange=0x7ff825ba02be, visible_tiling=2
[DBG] mapnotify: client=0x557072a80f30 after applyrules isfloating=0 mon=0x557072884e90 layout='dwindle' id=1200 flags=0 arrange=0x7ff825ba02be
[DBG] applyrules: client=0x5570728c7420 appid='foot' title='broken' parent=(nil) client_is_float_type=0 initial_isfloating=0 mon=0x557072884e90 selmon=0x557072884e90
[DBG] applyrules: chosen_layout for tags first=1 -> name='dwindle' id=1200 flags=0 arrange=0x7ff825ba02be
[DBG] mapnotify: client=0x5570728c7420 before applyrules selmon=0x557072884e90 curtag=1 sel_layout='dwindle' id=1200 flags=0 arrange=0x7ff825ba02be
[DBG] applyrules: client=0x5570728c7420 appid='foot' title='foot' parent=(nil) client_is_float_type=0 initial_isfloating=0 mon=0x557072884e90 selmon=0x557072884e90
[DBG] applyrules: chosen_layout for tags first=1 -> name='dwindle' id=1200 flags=0 arrange=0x7ff825ba02be
[ARRANGE] Calling layout arrange: layout_symbol=DW, arrange=0x7ff825ba02be, visible_tiling=3
[ARRANGE] Calling layout arrange: layout_symbol=DW, arrange=0x7ff825ba02be, visible_tiling=3
[ARRANGE] Calling layout arrange: layout_symbol=DW, arrange=0x7ff825ba02be, visible_tiling=3
[DBG] mapnotify: client=0x5570728c7420 after applyrules isfloating=0 mon=0x557072884e90 layout='dwindle' id=1200 flags=0 arrange=0x7ff825ba02be
[DBG] applyrules: client=0x557072a92e90 appid='foot' title='broken' parent=(nil) client_is_float_type=0 initial_isfloating=0 mon=0x557072884e90 selmon=0x557072884e90
[DBG] applyrules: chosen_layout for tags first=1 -> name='dwindle' id=1200 flags=0 arrange=0x7ff825ba02be
[DBG] mapnotify: client=0x557072a92e90 before applyrules selmon=0x557072884e90 curtag=1 sel_layout='dwindle' id=1200 flags=0 arrange=0x7ff825ba02be
[DBG] applyrules: client=0x557072a92e90 appid='foot' title='foot' parent=(nil) client_is_float_type=0 initial_isfloating=0 mon=0x557072884e90 selmon=0x557072884e90
[DBG] applyrules: chosen_layout for tags first=1 -> name='dwindle' id=1200 flags=0 arrange=0x7ff825ba02be
[ARRANGE] Calling layout arrange: layout_symbol=DW, arrange=0x7ff825ba02be, visible_tiling=4
[ARRANGE] Calling layout arrange: layout_symbol=DW, arrange=0x7ff825ba02be, visible_tiling=4
[ARRANGE] Calling layout arrange: layout_symbol=DW, arrange=0x7ff825ba02be, visible_tiling=4
[DBG] mapnotify: client=0x557072a92e90 after applyrules isfloating=0 mon=0x557072884e90 layout='dwindle' id=1200 flags=0 arrange=0x7ff825ba02be
[DBG] applyrules: client=0x557072a9baf0 appid='foot' title='broken' parent=(nil) client_is_float_type=0 initial_isfloating=0 mon=0x557072884e90 selmon=0x557072884e90
[DBG] applyrules: chosen_layout for tags first=1 -> name='dwindle' id=1200 flags=0 arrange=0x7ff825ba02be
[DBG] mapnotify: client=0x557072a9baf0 before applyrules selmon=0x557072884e90 curtag=1 sel_layout='dwindle' id=1200 flags=0 arrange=0x7ff825ba02be
[DBG] applyrules: client=0x557072a9baf0 appid='foot' title='foot' parent=(nil) client_is_float_type=0 initial_isfloating=0 mon=0x557072884e90 selmon=0x557072884e90
[DBG] applyrules: chosen_layout for tags first=1 -> name='dwindle' id=1200 flags=0 arrange=0x7ff825ba02be
[ARRANGE] Calling layout arrange: layout_symbol=DW, arrange=0x7ff825ba02be, visible_tiling=5
[ARRANGE] Calling layout arrange: layout_symbol=DW, arrange=0x7ff825ba02be, visible_tiling=5
[ARRANGE] Calling layout arrange: layout_symbol=DW, arrange=0x7ff825ba02be, visible_tiling=5
[DBG] mapnotify: client=0x557072a9baf0 after applyrules isfloating=0 mon=0x557072884e90 layout='dwindle' id=1200 flags=0 arrange=0x7ff825ba02be
[DBG] applyrules: client=0x557072aa4f20 appid='foot' title='broken' parent=(nil) client_is_float_type=0 initial_isfloating=0 mon=0x557072884e90 selmon=0x557072884e90
[DBG] applyrules: chosen_layout for tags first=1 -> name='dwindle' id=1200 flags=0 arrange=0x7ff825ba02be
[DBG] mapnotify: client=0x557072aa4f20 before applyrules selmon=0x557072884e90 curtag=1 sel_layout='dwindle' id=1200 flags=0 arrange=0x7ff825ba02be
[DBG] applyrules: client=0x557072aa4f20 appid='foot' title='foot' parent=(nil) client_is_float_type=0 initial_isfloating=0 mon=0x557072884e90 selmon=0x557072884e90
[DBG] applyrules: chosen_layout for tags first=1 -> name='dwindle' id=1200 flags=0 arrange=0x7ff825ba02be
[ARRANGE] Calling layout arrange: layout_symbol=DW, arrange=0x7ff825ba02be, visible_tiling=6
[ARRANGE] Calling layout arrange: layout_symbol=DW, arrange=0x7ff825ba02be, visible_tiling=6
[ARRANGE] Calling layout arrange: layout_symbol=DW, arrange=0x7ff825ba02be, visible_tiling=6
[DBG] mapnotify: client=0x557072aa4f20 after applyrules isfloating=0 mon=0x557072884e90 layout='dwindle' id=1200 flags=0 arrange=0x7ff825ba02be
[DBG] applyrules: client=0x557072aae790 appid='foot' title='broken' parent=(nil) client_is_float_type=0 initial_isfloating=0 mon=0x557072884e90 selmon=0x557072884e90
[DBG] applyrules: chosen_layout for tags first=1 -> name='dwindle' id=1200 flags=0 arrange=0x7ff825ba02be
[DBG] mapnotify: client=0x557072aae790 before applyrules selmon=0x557072884e90 curtag=1 sel_layout='dwindle' id=1200 flags=0 arrange=0x7ff825ba02be
[DBG] applyrules: client=0x557072aae790 appid='foot' title='foot' parent=(nil) client_is_float_type=0 initial_isfloating=0 mon=0x557072884e90 selmon=0x557072884e90
[DBG] applyrules: chosen_layout for tags first=1 -> name='dwindle' id=1200 flags=0 arrange=0x7ff825ba02be
[ARRANGE] Calling layout arrange: layout_symbol=DW, arrange=0x7ff825ba02be, visible_tiling=7
[ARRANGE] Calling layout arrange: layout_symbol=DW, arrange=0x7ff825ba02be, visible_tiling=7
[ARRANGE] Calling layout arrange: layout_symbol=DW, arrange=0x7ff825ba02be, visible_tiling=7
[DBG] mapnotify: client=0x557072aae790 after applyrules isfloating=0 mon=0x557072884e90 layout='dwindle' id=1200 flags=0 arrange=0x7ff825ba02be
[ARRANGE] Calling layout arrange: layout_symbol=DW, arrange=0x7ff825ba02be, visible_tiling=7
2026-02-15 12:17:12 - [swaybg-1.2.1/main.c:226] Destroying output WL-1 ((null))
[32m  INFO[97m qt.qpa.wayland[0m: There are no outputs - creating placeholder screen
[33m  WARN[0m: Layershell screen does not corrospond to a real screen. Letting the compositor pick.
[33m  WARN[97m quickshell.service.upower[0m: UPower service sent removal signal for "/org/freedesktop/UPower/devices/headset_dev_F4_9D_8A_28_F7_70" which is not registered.
